// Jest Snapshot v1, https://goo.gl/fbAQLP

exports[`TooltipHost renders correctly 1`] = `
<div
  className="ms-TooltipHost"
  onBlurCapture={[Function]}
  onFocusCapture={[Function]}
  onMouseEnter={[Function]}
  onMouseLeave={[Function]}
/>
`;
